<html>
<body>
<pre>
<h1>µVision Build Log</h1>
<h2>Project:</h2>
D:\GitHub\Breastfeeding_clock\Program\USER\cabinet.uvproj
Project File Date:  04/21/2018

<h2>Output:</h2>
Build target 'cabinet'
compiling main.c...
..\User_app\main.c(42): warning:  #1-D: last line of file ends without a newline
compiling stm32f10x_it.c...
compiling display.c...
compiling MidFunction.c...
compiling rtc.c...
compiling key_down.c...
compiling key_left.c...
compiling key_right.c...
compiling key_up.c...
compiling led.c...
compiling oled.c...
compiling ST7920.c...
compiling EE_IIC.c...
compiling EE_24C128.c...
..\HARDWARE\EEPROM\EE_24C128.c(87): warning:  #177-D: variable "i" was declared but never referenced
..\HARDWARE\EEPROM\EE_24C128.c(88): warning:  #177-D: variable "pBuffer" was declared but never referenced
compiling misc.c...
compiling stm32f10x_adc.c...
compiling stm32f10x_dbgmcu.c...
compiling stm32f10x_dma.c...
compiling stm32f10x_exti.c...
compiling stm32f10x_flash.c...
compiling stm32f10x_fsmc.c...
compiling stm32f10x_gpio.c...
compiling stm32f10x_i2c.c...
compiling stm32f10x_iwdg.c...
compiling stm32f10x_pwr.c...
compiling stm32f10x_rcc.c...
compiling stm32f10x_rtc.c...
compiling stm32f10x_sdio.c...
compiling stm32f10x_spi.c...
compiling stm32f10x_tim.c...
compiling stm32f10x_usart.c...
compiling stm32f10x_wwdg.c...
compiling stm32f10x_bkp.c...
compiling sys.c...
compiling delay.c...
compiling usart.c...
compiling core_cm3.c...
compiling system_stm32f10x.c...
assembling startup_stm32f10x_md.s...
linking...
Program Size: Code=22688 RO-data=3816 RW-data=156 ZI-data=6564  
FromELF: creating hex file...
".\obj\cabinet.axf" - 0 Errors, 3 Warning(s).
Build target 'cabinet'
compiling main.c...
..\User_app\main.c(43): warning:  #1-D: last line of file ends without a newline
linking...
Program Size: Code=22712 RO-data=3816 RW-data=156 ZI-data=6564  
FromELF: creating hex file...
".\obj\cabinet.axf" - 0 Errors, 1 Warning(s).
Load "D:\\GitHub\\Breastfeeding_clock\\Program\\USER\\obj\\cabinet.axf" 
Load "D:\\GitHub\\Breastfeeding_clock\\Program\\USER\\obj\\cabinet.axf" 
Full Chip Erase Done.
Programming Done.
Verify OK.
Application running ...
Build target 'cabinet'
compiling main.c...
..\User_app\main.c(43): warning:  #1-D: last line of file ends without a newline
linking...
Program Size: Code=22712 RO-data=3816 RW-data=156 ZI-data=6564  
FromELF: creating hex file...
".\obj\cabinet.axf" - 0 Errors, 1 Warning(s).
Build target 'cabinet'
linking...
Program Size: Code=22712 RO-data=3816 RW-data=156 ZI-data=6564  
FromELF: creating hex file...
".\obj\cabinet.axf" - 0 Errors, 0 Warning(s).
Load "D:\\GitHub\\Breastfeeding_clock\\Program\\USER\\obj\\cabinet.axf" 
Full Chip Erase Done.
Programming Done.
Verify OK.
Application running ...
Build target 'cabinet'
compiling main.c...
..\User_app\main.c(44): warning:  #1-D: last line of file ends without a newline
linking...
Program Size: Code=22744 RO-data=3816 RW-data=156 ZI-data=6564  
FromELF: creating hex file...
".\obj\cabinet.axf" - 0 Errors, 1 Warning(s).
Load "D:\\GitHub\\Breastfeeding_clock\\Program\\USER\\obj\\cabinet.axf" 
Full Chip Erase Done.
Programming Done.
Verify OK.
Application running ...
Build target 'cabinet'
compiling oled.c...
linking...
Program Size: Code=22712 RO-data=3816 RW-data=156 ZI-data=6564  
FromELF: creating hex file...
".\obj\cabinet.axf" - 0 Errors, 0 Warning(s).
Load "D:\\GitHub\\Breastfeeding_clock\\Program\\USER\\obj\\cabinet.axf" 
Full Chip Erase Done.
Programming Done.
Verify OK.
Application running ...
Build target 'cabinet'
compiling oled.c...
linking...
Program Size: Code=22744 RO-data=3816 RW-data=156 ZI-data=6564  
FromELF: creating hex file...
".\obj\cabinet.axf" - 0 Errors, 0 Warning(s).
Load "D:\\GitHub\\Breastfeeding_clock\\Program\\USER\\obj\\cabinet.axf" 
Full Chip Erase Done.
Programming Done.
Verify OK.
Application running ...
Build target 'cabinet'
compiling oled.c...
linking...
Program Size: Code=22668 RO-data=3816 RW-data=156 ZI-data=6564  
FromELF: creating hex file...
".\obj\cabinet.axf" - 0 Errors, 0 Warning(s).
Load "D:\\GitHub\\Breastfeeding_clock\\Program\\USER\\obj\\cabinet.axf" 
Full Chip Erase Done.
Programming Done.
Verify OK.
Application running ...
Build target 'cabinet'
compiling oled.c...
linking...
Program Size: Code=22744 RO-data=3816 RW-data=156 ZI-data=6564  
FromELF: creating hex file...
".\obj\cabinet.axf" - 0 Errors, 0 Warning(s).
Build target 'cabinet'
linking...
Program Size: Code=22744 RO-data=3816 RW-data=156 ZI-data=6564  
FromELF: creating hex file...
".\obj\cabinet.axf" - 0 Errors, 0 Warning(s).
Build target 'cabinet'
compiling oled.c...
linking...
Program Size: Code=22660 RO-data=3816 RW-data=156 ZI-data=6564  
FromELF: creating hex file...
".\obj\cabinet.axf" - 0 Errors, 0 Warning(s).
Load "D:\\GitHub\\Breastfeeding_clock\\Program\\USER\\obj\\cabinet.axf" 
Full Chip Erase Done.
Programming Done.
Verify OK.
Application running ...
Build target 'cabinet'
compiling main.c...
..\User_app\main.c(33): warning:  #128-D: loop is not reachable
..\User_app\main.c(47): warning:  #1-D: last line of file ends without a newline
linking...
Program Size: Code=22656 RO-data=3816 RW-data=156 ZI-data=6564  
FromELF: creating hex file...
".\obj\cabinet.axf" - 0 Errors, 2 Warning(s).
Load "D:\\GitHub\\Breastfeeding_clock\\Program\\USER\\obj\\cabinet.axf" 
Full Chip Erase Done.
Programming Done.
Verify OK.
Application running ...
Build target 'cabinet'
compiling main.c...
..\User_app\main.c(45): warning:  #1-D: last line of file ends without a newline
linking...
Program Size: Code=22660 RO-data=3816 RW-data=156 ZI-data=6564  
FromELF: creating hex file...
".\obj\cabinet.axf" - 0 Errors, 1 Warning(s).
Load "D:\\GitHub\\Breastfeeding_clock\\Program\\USER\\obj\\cabinet.axf" 
Full Chip Erase Done.
Programming Done.
Verify OK.
Application running ...
Build target 'cabinet'
compiling oled.c...
linking...
Program Size: Code=22744 RO-data=3816 RW-data=156 ZI-data=6564  
FromELF: creating hex file...
".\obj\cabinet.axf" - 0 Errors, 0 Warning(s).
Load "D:\\GitHub\\Breastfeeding_clock\\Program\\USER\\obj\\cabinet.axf" 
Full Chip Erase Done.
Programming Done.
Verify OK.
Application running ...
Build target 'cabinet'
compiling main.c...
..\User_app\main.c(45): warning:  #1-D: last line of file ends without a newline
linking...
Program Size: Code=22736 RO-data=3816 RW-data=156 ZI-data=6564  
FromELF: creating hex file...
".\obj\cabinet.axf" - 0 Errors, 1 Warning(s).
Load "D:\\GitHub\\Breastfeeding_clock\\Program\\USER\\obj\\cabinet.axf" 
Full Chip Erase Done.
Programming Done.
Verify OK.
Application running ...
Build target 'cabinet'
compiling main.c...
..\User_app\main.c(45): warning:  #1-D: last line of file ends without a newline
linking...
Program Size: Code=22736 RO-data=3816 RW-data=156 ZI-data=6564  
FromELF: creating hex file...
".\obj\cabinet.axf" - 0 Errors, 1 Warning(s).
Load "D:\\GitHub\\Breastfeeding_clock\\Program\\USER\\obj\\cabinet.axf" 
Full Chip Erase Done.
Programming Done.
Verify OK.
Application running ...
Build target 'cabinet'
compiling main.c...
..\User_app\main.c(49): warning:  #1-D: last line of file ends without a newline
linking...
Program Size: Code=22776 RO-data=3816 RW-data=156 ZI-data=6564  
FromELF: creating hex file...
".\obj\cabinet.axf" - 0 Errors, 1 Warning(s).
Load "D:\\GitHub\\Breastfeeding_clock\\Program\\USER\\obj\\cabinet.axf" 
Full Chip Erase Done.
Programming Done.
Verify OK.
Application running ...
Build target 'cabinet'
compiling main.c...
..\User_app\main.c(49): warning:  #1-D: last line of file ends without a newline
linking...
Program Size: Code=22776 RO-data=3816 RW-data=156 ZI-data=6564  
FromELF: creating hex file...
".\obj\cabinet.axf" - 0 Errors, 1 Warning(s).
Load "D:\\GitHub\\Breastfeeding_clock\\Program\\USER\\obj\\cabinet.axf" 
Full Chip Erase Done.
Programming Done.
Verify OK.
Application running ...
Build target 'cabinet'
compiling main.c...
..\User_app\main.c(49): warning:  #1-D: last line of file ends without a newline
linking...
Program Size: Code=22792 RO-data=3816 RW-data=156 ZI-data=6564  
FromELF: creating hex file...
".\obj\cabinet.axf" - 0 Errors, 1 Warning(s).
Load "D:\\GitHub\\Breastfeeding_clock\\Program\\USER\\obj\\cabinet.axf" 
Full Chip Erase Done.
Programming Done.
Verify OK.
Application running ...
Build target 'cabinet'
linking...
Program Size: Code=22792 RO-data=3816 RW-data=156 ZI-data=6564  
FromELF: creating hex file...
".\obj\cabinet.axf" - 0 Errors, 0 Warning(s).
Build target 'cabinet'
linking...
Program Size: Code=22792 RO-data=3816 RW-data=156 ZI-data=6564  
FromELF: creating hex file...
".\obj\cabinet.axf" - 0 Errors, 0 Warning(s).
Build target 'cabinet'
linking...
Program Size: Code=22792 RO-data=3816 RW-data=156 ZI-data=6564  
FromELF: creating hex file...
".\obj\cabinet.axf" - 0 Errors, 0 Warning(s).
Build target 'cabinet'
compiling main.c...
..\User_app\main.c(48): warning:  #1-D: last line of file ends without a newline
linking...
Program Size: Code=22784 RO-data=3816 RW-data=156 ZI-data=6564  
FromELF: creating hex file...
".\obj\cabinet.axf" - 0 Errors, 1 Warning(s).
Load "D:\\GitHub\\Breastfeeding_clock\\Program\\USER\\obj\\cabinet.axf" 
Full Chip Erase Done.
Programming Done.
Verify OK.
Application running ...
Build target 'cabinet'
compiling main.c...
..\User_app\main.c(48): warning:  #1-D: last line of file ends without a newline
linking...
Program Size: Code=22788 RO-data=3816 RW-data=156 ZI-data=6564  
FromELF: creating hex file...
".\obj\cabinet.axf" - 0 Errors, 1 Warning(s).
Load "D:\\GitHub\\Breastfeeding_clock\\Program\\USER\\obj\\cabinet.axf" 
Full Chip Erase Done.
Programming Done.
Verify OK.
Application running ...
Build target 'cabinet'
compiling main.c...
..\User_app\main.c(48): warning:  #1-D: last line of file ends without a newline
linking...
Program Size: Code=22804 RO-data=3816 RW-data=156 ZI-data=6564  
FromELF: creating hex file...
".\obj\cabinet.axf" - 0 Errors, 1 Warning(s).
Build target 'cabinet'
compiling main.c...
..\User_app\main.c(48): warning:  #1-D: last line of file ends without a newline
linking...
Program Size: Code=22788 RO-data=3816 RW-data=156 ZI-data=6564  
FromELF: creating hex file...
".\obj\cabinet.axf" - 0 Errors, 1 Warning(s).
Load "D:\\GitHub\\Breastfeeding_clock\\Program\\USER\\obj\\cabinet.axf" 
Full Chip Erase Done.
Programming Done.
Verify OK.
Application running ...
Build target 'cabinet'
compiling main.c...
..\User_app\main.c(43): warning:  #1-D: last line of file ends without a newline
linking...
Program Size: Code=22692 RO-data=3816 RW-data=156 ZI-data=6564  
FromELF: creating hex file...
".\obj\cabinet.axf" - 0 Errors, 1 Warning(s).
Load "D:\\GitHub\\Breastfeeding_clock\\Program\\USER\\obj\\cabinet.axf" 
Full Chip Erase Done.
Programming Done.
Verify OK.
Application running ...
Build target 'cabinet'
compiling main.c...
..\User_app\main.c(43): warning:  #1-D: last line of file ends without a newline
compiling stm32f10x_it.c...
compiling display.c...
compiling MidFunction.c...
compiling rtc.c...
compiling key_down.c...
compiling key_left.c...
compiling key_right.c...
compiling key_up.c...
compiling led.c...
compiling oled.c...
compiling ST7920.c...
compiling EE_IIC.c...
compiling EE_24C128.c...
..\HARDWARE\EEPROM\EE_24C128.c(87): warning:  #177-D: variable "i" was declared but never referenced
..\HARDWARE\EEPROM\EE_24C128.c(88): warning:  #177-D: variable "pBuffer" was declared but never referenced
compiling delay.c...
linking...
Program Size: Code=22700 RO-data=3816 RW-data=156 ZI-data=6564  
FromELF: creating hex file...
".\obj\cabinet.axf" - 0 Errors, 3 Warning(s).
Build target 'cabinet'
compiling main.c...
..\User_app\main.c(43): warning:  #1-D: last line of file ends without a newline
compiling MidFunction.c...
linking...
Program Size: Code=23928 RO-data=3816 RW-data=168 ZI-data=6568  
FromELF: creating hex file...
".\obj\cabinet.axf" - 0 Errors, 1 Warning(s).
Build target 'cabinet'
compiling main.c...
..\User_app\main.c(43): warning:  #1-D: last line of file ends without a newline
compiling stm32f10x_it.c...
compiling display.c...
compiling MidFunction.c...
compiling rtc.c...
compiling key_down.c...
compiling key_left.c...
compiling key_right.c...
compiling key_up.c...
compiling led.c...
compiling oled.c...
compiling ST7920.c...
compiling EE_IIC.c...
compiling EE_24C128.c...
..\HARDWARE\EEPROM\EE_24C128.c(87): warning:  #177-D: variable "i" was declared but never referenced
..\HARDWARE\EEPROM\EE_24C128.c(88): warning:  #177-D: variable "pBuffer" was declared but never referenced
compiling delay.c...
linking...
Program Size: Code=23928 RO-data=3816 RW-data=168 ZI-data=6568  
FromELF: creating hex file...
".\obj\cabinet.axf" - 0 Errors, 3 Warning(s).
Build target 'cabinet'
compiling main.c...
..\User_app\main.c(43): warning:  #1-D: last line of file ends without a newline
compiling stm32f10x_it.c...
compiling display.c...
compiling MidFunction.c...
compiling rtc.c...
compiling key_down.c...
compiling key_left.c...
..\User_app\key_left.c(32): warning:  #226-D: invalid format string conversion
compiling key_right.c...
compiling key_up.c...
compiling led.c...
compiling oled.c...
compiling ST7920.c...
compiling EE_IIC.c...
compiling EE_24C128.c...
..\HARDWARE\EEPROM\EE_24C128.c(87): warning:  #177-D: variable "i" was declared but never referenced
..\HARDWARE\EEPROM\EE_24C128.c(88): warning:  #177-D: variable "pBuffer" was declared but never referenced
compiling delay.c...
linking...
Program Size: Code=24080 RO-data=3816 RW-data=168 ZI-data=6568  
FromELF: creating hex file...
".\obj\cabinet.axf" - 0 Errors, 4 Warning(s).
Build target 'cabinet'
compiling key_left.c...
linking...
Program Size: Code=24080 RO-data=3816 RW-data=168 ZI-data=6568  
FromELF: creating hex file...
".\obj\cabinet.axf" - 0 Errors, 0 Warning(s).
Load "D:\\GitHub\\Breastfeeding_clock\\Program\\USER\\obj\\cabinet.axf" 
Full Chip Erase Done.
Programming Done.
Verify OK.
Application running ...
Build target 'cabinet'
compiling key_left.c...
linking...
Program Size: Code=24096 RO-data=3816 RW-data=168 ZI-data=6568  
FromELF: creating hex file...
".\obj\cabinet.axf" - 0 Errors, 0 Warning(s).
Load "D:\\GitHub\\Breastfeeding_clock\\Program\\USER\\obj\\cabinet.axf" 
Full Chip Erase Done.
Programming Done.
Verify OK.
Application running ...
Build target 'cabinet'
compiling main.c...
..\User_app\main.c(43): warning:  #1-D: last line of file ends without a newline
compiling stm32f10x_it.c...
compiling display.c...
compiling MidFunction.c...
compiling rtc.c...
compiling key_down.c...
compiling key_left.c...
compiling key_right.c...
compiling key_up.c...
compiling led.c...
compiling oled.c...
compiling ST7920.c...
compiling EE_IIC.c...
compiling EE_24C128.c...
..\HARDWARE\EEPROM\EE_24C128.c(87): warning:  #177-D: variable "i" was declared but never referenced
..\HARDWARE\EEPROM\EE_24C128.c(88): warning:  #177-D: variable "pBuffer" was declared but never referenced
compiling delay.c...
linking...
Program Size: Code=24080 RO-data=3816 RW-data=168 ZI-data=6568  
FromELF: creating hex file...
".\obj\cabinet.axf" - 0 Errors, 3 Warning(s).
Load "D:\\GitHub\\Breastfeeding_clock\\Program\\USER\\obj\\cabinet.axf" 
Full Chip Erase Done.
Programming Done.
Verify OK.
Application running ...
Build target 'cabinet'
compiling main.c...
..\User_app\main.c(43): warning:  #1-D: last line of file ends without a newline
compiling stm32f10x_it.c...
compiling display.c...
compiling MidFunction.c...
compiling rtc.c...
compiling key_down.c...
compiling key_left.c...
compiling key_right.c...
compiling key_up.c...
compiling led.c...
compiling oled.c...
compiling ST7920.c...
compiling EE_IIC.c...
compiling EE_24C128.c...
..\HARDWARE\EEPROM\EE_24C128.c(87): warning:  #177-D: variable "i" was declared but never referenced
..\HARDWARE\EEPROM\EE_24C128.c(88): warning:  #177-D: variable "pBuffer" was declared but never referenced
compiling delay.c...
linking...
Program Size: Code=24080 RO-data=3816 RW-data=168 ZI-data=6568  
FromELF: creating hex file...
".\obj\cabinet.axf" - 0 Errors, 3 Warning(s).
Load "D:\\GitHub\\Breastfeeding_clock\\Program\\USER\\obj\\cabinet.axf" 
Full Chip Erase Done.
Programming Done.
Verify OK.
Application running ...
Build target 'cabinet'
compiling main.c...
..\User_app\main.c(43): warning:  #1-D: last line of file ends without a newline
compiling stm32f10x_it.c...
compiling display.c...
compiling MidFunction.c...
compiling rtc.c...
compiling key_down.c...
compiling key_left.c...
..\User_app\key_left.c(34): warning:  #223-D: function "show_left_button" declared implicitly
..\User_app\key_left.c(35): warning:  #223-D: function "show_right_button" declared implicitly
compiling key_right.c...
compiling key_up.c...
compiling led.c...
compiling oled.c...
compiling ST7920.c...
compiling EE_IIC.c...
compiling EE_24C128.c...
..\HARDWARE\EEPROM\EE_24C128.c(87): warning:  #177-D: variable "i" was declared but never referenced
..\HARDWARE\EEPROM\EE_24C128.c(88): warning:  #177-D: variable "pBuffer" was declared but never referenced
compiling delay.c...
linking...
Program Size: Code=24128 RO-data=3816 RW-data=168 ZI-data=6568  
FromELF: creating hex file...
".\obj\cabinet.axf" - 0 Errors, 5 Warning(s).
Load "D:\\GitHub\\Breastfeeding_clock\\Program\\USER\\obj\\cabinet.axf" 
Full Chip Erase Done.
Programming Done.
Verify OK.
Application running ...
Build target 'cabinet'
compiling key_left.c...
..\User_app\key_left.c(34): warning:  #223-D: function "show_left_button" declared implicitly
..\User_app\key_left.c(35): warning:  #223-D: function "show_right_button" declared implicitly
linking...
Program Size: Code=24136 RO-data=3816 RW-data=168 ZI-data=6568  
FromELF: creating hex file...
".\obj\cabinet.axf" - 0 Errors, 2 Warning(s).
Load "D:\\GitHub\\Breastfeeding_clock\\Program\\USER\\obj\\cabinet.axf" 
Full Chip Erase Done.
Programming Done.
Verify OK.
Application running ...
Build target 'cabinet'
compiling main.c...
..\User_app\main.c(7): warning:  #177-D: variable "j" was declared but never referenced
..\User_app\main.c(44): warning:  #1-D: last line of file ends without a newline
compiling MidFunction.c...
..\User_app\MidFunction.c(27): warning:  #223-D: function "show_left_button" declared implicitly
..\User_app\MidFunction.c(47): warning:  #223-D: function "show_right_button" declared implicitly
compiling key_left.c...
linking...
Program Size: Code=24176 RO-data=3816 RW-data=168 ZI-data=6568  
FromELF: creating hex file...
".\obj\cabinet.axf" - 0 Errors, 4 Warning(s).
Build target 'cabinet'
compiling main.c...
..\User_app\main.c(44): warning:  #1-D: last line of file ends without a newline
linking...
Program Size: Code=24176 RO-data=3816 RW-data=168 ZI-data=6568  
FromELF: creating hex file...
".\obj\cabinet.axf" - 0 Errors, 1 Warning(s).
Load "D:\\GitHub\\Breastfeeding_clock\\Program\\USER\\obj\\cabinet.axf" 
Full Chip Erase Done.
Programming Done.
Verify OK.
Application running ...
Build target 'cabinet'
linking...
Program Size: Code=24176 RO-data=3816 RW-data=168 ZI-data=6568  
FromELF: creating hex file...
".\obj\cabinet.axf" - 0 Errors, 0 Warning(s).
Build target 'cabinet'
linking...
Program Size: Code=24176 RO-data=3816 RW-data=168 ZI-data=6568  
FromELF: creating hex file...
".\obj\cabinet.axf" - 0 Errors, 0 Warning(s).
Load "D:\\GitHub\\Breastfeeding_clock\\Program\\USER\\obj\\cabinet.axf" 
Full Chip Erase Done.
Programming Done.
Verify OK.
Application running ...
Build target 'cabinet'
compiling main.c...
..\User_app\main.c(44): warning:  #1-D: last line of file ends without a newline
linking...
Program Size: Code=24176 RO-data=3816 RW-data=168 ZI-data=6568  
FromELF: creating hex file...
".\obj\cabinet.axf" - 0 Errors, 1 Warning(s).
Load "D:\\GitHub\\Breastfeeding_clock\\Program\\USER\\obj\\cabinet.axf" 
Full Chip Erase Done.
Programming Done.
Verify OK.
Application running ...
Build target 'cabinet'
compiling main.c...
..\User_app\main.c(44): warning:  #1-D: last line of file ends without a newline
linking...
Program Size: Code=24176 RO-data=3816 RW-data=168 ZI-data=6568  
FromELF: creating hex file...
".\obj\cabinet.axf" - 0 Errors, 1 Warning(s).
Load "D:\\GitHub\\Breastfeeding_clock\\Program\\USER\\obj\\cabinet.axf" 
Full Chip Erase Done.
Programming Done.
Verify OK.
Application running ...
Rebuild target 'cabinet'
compiling main.c...
..\User_app\main.c(45): warning:  #1-D: last line of file ends without a newline
compiling stm32f10x_it.c...
compiling display.c...
compiling MidFunction.c...
..\User_app\MidFunction.c(27): warning:  #223-D: function "show_left_button" declared implicitly
..\User_app\MidFunction.c(47): warning:  #223-D: function "show_right_button" declared implicitly
compiling rtc.c...
compiling key_down.c...
compiling key_left.c...
compiling key_right.c...
compiling key_up.c...
compiling led.c...
compiling oled.c...
compiling ST7920.c...
compiling EE_IIC.c...
compiling EE_24C128.c...
..\HARDWARE\EEPROM\EE_24C128.c(87): warning:  #177-D: variable "i" was declared but never referenced
..\HARDWARE\EEPROM\EE_24C128.c(88): warning:  #177-D: variable "pBuffer" was declared but never referenced
compiling misc.c...
compiling stm32f10x_adc.c...
compiling stm32f10x_dbgmcu.c...
compiling stm32f10x_dma.c...
compiling stm32f10x_exti.c...
compiling stm32f10x_flash.c...
compiling stm32f10x_fsmc.c...
compiling stm32f10x_gpio.c...
compiling stm32f10x_i2c.c...
compiling stm32f10x_iwdg.c...
compiling stm32f10x_pwr.c...
compiling stm32f10x_rcc.c...
compiling stm32f10x_rtc.c...
compiling stm32f10x_sdio.c...
compiling stm32f10x_spi.c...
compiling stm32f10x_tim.c...
compiling stm32f10x_usart.c...
compiling stm32f10x_wwdg.c...
compiling stm32f10x_bkp.c...
compiling sys.c...
compiling delay.c...
compiling usart.c...
compiling core_cm3.c...
compiling system_stm32f10x.c...
assembling startup_stm32f10x_md.s...
linking...
Program Size: Code=24176 RO-data=3816 RW-data=168 ZI-data=6568  
FromELF: creating hex file...
".\obj\cabinet.axf" - 0 Errors, 5 Warning(s).
Load "D:\\GitHub\\Breastfeeding_clock\\Program\\USER\\obj\\cabinet.axf" 
Full Chip Erase Done.
Programming Done.
Verify OK.
Application running ...
Build target 'cabinet'
compiling main.c...
..\User_app\main.c(47): warning:  #1-D: last line of file ends without a newline
linking...
Program Size: Code=24176 RO-data=3816 RW-data=168 ZI-data=6568  
FromELF: creating hex file...
".\obj\cabinet.axf" - 0 Errors, 1 Warning(s).
Load "D:\\GitHub\\Breastfeeding_clock\\Program\\USER\\obj\\cabinet.axf" 
Full Chip Erase Done.
Programming Done.
Verify OK.
Application running ...
Build target 'cabinet'
compiling main.c...
..\User_app\main.c(47): warning:  #1-D: last line of file ends without a newline
linking...
Program Size: Code=24176 RO-data=3816 RW-data=168 ZI-data=6568  
FromELF: creating hex file...
".\obj\cabinet.axf" - 0 Errors, 1 Warning(s).
Load "D:\\GitHub\\Breastfeeding_clock\\Program\\USER\\obj\\cabinet.axf" 
Full Chip Erase Done.
Programming Done.
Verify OK.
Application running ...
Build target 'cabinet'
compiling main.c...
..\User_app\main.c(49): warning:  #1-D: last line of file ends without a newline
linking...
Program Size: Code=24192 RO-data=3816 RW-data=168 ZI-data=6568  
FromELF: creating hex file...
".\obj\cabinet.axf" - 0 Errors, 1 Warning(s).
Load "D:\\GitHub\\Breastfeeding_clock\\Program\\USER\\obj\\cabinet.axf" 
Full Chip Erase Done.
Programming Done.
Verify OK.
Application running ...
Build target 'cabinet'
compiling main.c...
..\User_app\main.c(44): warning:  #1-D: last line of file ends without a newline
compiling stm32f10x_it.c...
compiling display.c...
compiling MidFunction.c...
..\User_app\MidFunction.c(28): warning:  #223-D: function "show_left_button" declared implicitly
..\User_app\MidFunction.c(48): warning:  #223-D: function "show_right_button" declared implicitly
compiling rtc.c...
compiling key_down.c...
compiling key_left.c...
compiling key_right.c...
compiling key_up.c...
compiling led.c...
compiling oled.c...
compiling ST7920.c...
compiling EE_IIC.c...
compiling EE_24C128.c...
..\HARDWARE\EEPROM\EE_24C128.c(87): warning:  #177-D: variable "i" was declared but never referenced
..\HARDWARE\EEPROM\EE_24C128.c(88): warning:  #177-D: variable "pBuffer" was declared but never referenced
compiling delay.c...
linking...
Program Size: Code=24168 RO-data=3816 RW-data=176 ZI-data=6568  
FromELF: creating hex file...
".\obj\cabinet.axf" - 0 Errors, 5 Warning(s).
Build target 'cabinet'
compiling main.c...
..\User_app\main.c(44): warning:  #1-D: last line of file ends without a newline
compiling stm32f10x_it.c...
compiling display.c...
compiling MidFunction.c...
..\User_app\MidFunction.c(28): warning:  #223-D: function "show_left_button" declared implicitly
..\User_app\MidFunction.c(48): warning:  #223-D: function "show_right_button" declared implicitly
compiling rtc.c...
compiling key_down.c...
compiling key_left.c...
compiling key_right.c...
compiling key_up.c...
compiling led.c...
compiling oled.c...
compiling ST7920.c...
compiling EE_IIC.c...
compiling EE_24C128.c...
..\HARDWARE\EEPROM\EE_24C128.c(87): warning:  #177-D: variable "i" was declared but never referenced
..\HARDWARE\EEPROM\EE_24C128.c(88): warning:  #177-D: variable "pBuffer" was declared but never referenced
compiling delay.c...
linking...
Program Size: Code=24168 RO-data=3816 RW-data=176 ZI-data=6568  
FromELF: creating hex file...
".\obj\cabinet.axf" - 0 Errors, 5 Warning(s).
Build target 'cabinet'
compiling MidFunction.c...
..\User_app\MidFunction.c(72): warning:  #223-D: function "show_left_button" declared implicitly
..\User_app\MidFunction.c(89): warning:  #223-D: function "show_right_button" declared implicitly
linking...
Program Size: Code=24264 RO-data=3816 RW-data=176 ZI-data=6568  
FromELF: creating hex file...
".\obj\cabinet.axf" - 0 Errors, 2 Warning(s).
Build target 'cabinet'
compiling MidFunction.c...
..\User_app\MidFunction.c(41): error:  #109: expression must have (pointer-to-) function type
..\User_app\MidFunction.c(102): warning:  #223-D: function "show_left_button" declared implicitly
..\User_app\MidFunction.c(119): warning:  #223-D: function "show_right_button" declared implicitly
".\obj\cabinet.axf" - 1 Errors, 2 Warning(s).
Target not created
Build target 'cabinet'
compiling MidFunction.c...
..\User_app\MidFunction.c(102): warning:  #223-D: function "show_left_button" declared implicitly
..\User_app\MidFunction.c(119): warning:  #223-D: function "show_right_button" declared implicitly
linking...
Program Size: Code=24372 RO-data=3816 RW-data=176 ZI-data=6568  
FromELF: creating hex file...
".\obj\cabinet.axf" - 0 Errors, 2 Warning(s).
Build target 'cabinet'
compiling main.c...
..\User_app\main.c(45): warning:  #1-D: last line of file ends without a newline
compiling stm32f10x_it.c...
compiling display.c...
compiling MidFunction.c...
..\User_app\MidFunction.c(75): error:  #20: identifier "day" is undefined
..\User_app\MidFunction.c(75): error:  #29: expected an expression
..\User_app\MidFunction.c(75): error:  #65: expected a ";"
..\User_app\MidFunction.c(30): warning:  #550-D: variable "month_dat" was set but never used
..\User_app\MidFunction.c(119): warning:  #223-D: function "show_left_button" declared implicitly
..\User_app\MidFunction.c(138): warning:  #223-D: function "show_right_button" declared implicitly
compiling rtc.c...
compiling key_down.c...
compiling key_left.c...
compiling key_right.c...
compiling key_up.c...
compiling led.c...
compiling oled.c...
compiling ST7920.c...
compiling EE_IIC.c...
compiling EE_24C128.c...
..\HARDWARE\EEPROM\EE_24C128.c(87): warning:  #177-D: variable "i" was declared but never referenced
..\HARDWARE\EEPROM\EE_24C128.c(88): warning:  #177-D: variable "pBuffer" was declared but never referenced
compiling misc.c...
compiling stm32f10x_adc.c...
compiling stm32f10x_dbgmcu.c...
compiling stm32f10x_dma.c...
compiling stm32f10x_exti.c...
compiling stm32f10x_flash.c...
compiling stm32f10x_fsmc.c...
compiling stm32f10x_gpio.c...
compiling stm32f10x_i2c.c...
compiling stm32f10x_iwdg.c...
compiling stm32f10x_pwr.c...
compiling stm32f10x_rcc.c...
".\obj\cabinet.axf" - 3 Errors, 6 Warning(s).
Project build/rebuild aborted.
Rebuild target 'cabinet'
compiling main.c...
..\User_app\main.c(45): warning:  #1-D: last line of file ends without a newline
compiling stm32f10x_it.c...
compiling display.c...
compiling MidFunction.c...
..\User_app\MidFunction.c(75): error:  #20: identifier "day" is undefined
..\User_app\MidFunction.c(119): warning:  #223-D: function "show_left_button" declared implicitly
..\User_app\MidFunction.c(138): warning:  #223-D: function "show_right_button" declared implicitly
compiling rtc.c...
compiling key_down.c...
compiling key_left.c...
compiling key_right.c...
compiling key_up.c...
compiling led.c...
compiling oled.c...
compiling ST7920.c...
compiling EE_IIC.c...
compiling EE_24C128.c...
..\HARDWARE\EEPROM\EE_24C128.c(87): warning:  #177-D: variable "i" was declared but never referenced
..\HARDWARE\EEPROM\EE_24C128.c(88): warning:  #177-D: variable "pBuffer" was declared but never referenced
compiling misc.c...
compiling stm32f10x_adc.c...
compiling stm32f10x_dbgmcu.c...
compiling stm32f10x_dma.c...
compiling stm32f10x_exti.c...
compiling stm32f10x_flash.c...
compiling stm32f10x_fsmc.c...
compiling stm32f10x_gpio.c...
compiling stm32f10x_i2c.c...
compiling stm32f10x_iwdg.c...
compiling stm32f10x_pwr.c...
compiling stm32f10x_rcc.c...
compiling stm32f10x_rtc.c...
compiling stm32f10x_sdio.c...
compiling stm32f10x_spi.c...
compiling stm32f10x_tim.c...
compiling stm32f10x_usart.c...
compiling stm32f10x_wwdg.c...
compiling stm32f10x_bkp.c...
compiling sys.c...
compiling delay.c...
compiling usart.c...
compiling core_cm3.c...
compiling system_stm32f10x.c...
assembling startup_stm32f10x_md.s...
".\obj\cabinet.axf" - 1 Errors, 5 Warning(s).
Target not created
Build target 'cabinet'
compiling MidFunction.c...
..\User_app\MidFunction.c(75): error:  #20: identifier "day" is undefined
..\User_app\MidFunction.c(119): warning:  #223-D: function "show_left_button" declared implicitly
..\User_app\MidFunction.c(138): warning:  #223-D: function "show_right_button" declared implicitly
compiling EE_IIC.c...
".\obj\cabinet.axf" - 1 Errors, 2 Warning(s).
Target not created
Build target 'cabinet'
compiling MidFunction.c...
..\User_app\MidFunction.c(75): error:  #20: identifier "day" is undefined
..\User_app\MidFunction.c(119): warning:  #223-D: function "show_left_button" declared implicitly
..\User_app\MidFunction.c(138): warning:  #223-D: function "show_right_button" declared implicitly
".\obj\cabinet.axf" - 1 Errors, 2 Warning(s).
Target not created
Build target 'cabinet'
compiling MidFunction.c...
..\User_app\MidFunction.c(119): warning:  #223-D: function "show_left_button" declared implicitly
..\User_app\MidFunction.c(138): warning:  #223-D: function "show_right_button" declared implicitly
linking...
Program Size: Code=24520 RO-data=3816 RW-data=176 ZI-data=6568  
FromELF: creating hex file...
".\obj\cabinet.axf" - 0 Errors, 2 Warning(s).
Build target 'cabinet'
compiling MidFunction.c...
..\User_app\MidFunction.c(123): warning:  #223-D: function "show_left_button" declared implicitly
..\User_app\MidFunction.c(142): warning:  #223-D: function "show_right_button" declared implicitly
linking...
Program Size: Code=24568 RO-data=3816 RW-data=176 ZI-data=6568  
FromELF: creating hex file...
".\obj\cabinet.axf" - 0 Errors, 2 Warning(s).
Load "D:\\GitHub\\Breastfeeding_clock\\Program\\USER\\obj\\cabinet.axf" 
Full Chip Erase Done.
Programming Done.
Verify OK.
Application running ...
