<html>
<body>
<pre>
<h1>µVision Build Log</h1>
<h2>Project:</h2>
D:\GitHub\Breastfeeding_clock\Program\USER\cabinet.uvproj
Project File Date:  04/17/2018

<h2>Output:</h2>
Build target 'cabinet'
linking...
Program Size: Code=8692 RO-data=268 RW-data=52 ZI-data=1852  
FromELF: creating hex file...
".\obj\cabinet.axf" - 0 Errors, 0 Warning(s).
Load "D:\\GitHub\\Breastfeeding_clock\\Program\\USER\\obj\\cabinet.axf" 
Full Chip Erase Done.
Programming Done.
Verify OK.
Build target 'cabinet'
compiling main.c...
..\User_app\main.c(111): warning:  #1-D: last line of file ends without a newline
linking...
Program Size: Code=19772 RO-data=3644 RW-data=152 ZI-data=6560  
FromELF: creating hex file...
".\obj\cabinet.axf" - 0 Errors, 1 Warning(s).
Load "D:\\GitHub\\Breastfeeding_clock\\Program\\USER\\obj\\cabinet.axf" 
Full Chip Erase Done.
Programming Done.
Verify OK.
Build target 'cabinet'
compiling main.c...
..\User_app\main.c(112): warning:  #1-D: last line of file ends without a newline
linking...
Program Size: Code=19784 RO-data=3644 RW-data=152 ZI-data=6560  
FromELF: creating hex file...
".\obj\cabinet.axf" - 0 Errors, 1 Warning(s).
Load "D:\\GitHub\\Breastfeeding_clock\\Program\\USER\\obj\\cabinet.axf" 
Full Chip Erase Done.
Programming Done.
Verify OK.
Build target 'cabinet'
compiling main.c...
..\User_app\main.c(112): warning:  #1-D: last line of file ends without a newline
compiling stm32f10x_it.c...
compiling keyScan.c...
..\User_app\keyScan.c(51): warning:  #940-D: missing return statement at end of non-void function "KeyScan"
..\User_app\keyScan.c(20): warning:  #550-D: variable "late_key_code" was set but never used
..\User_app\keyScan.c(21): warning:  #550-D: variable "dly_num" was set but never used
..\User_app\keyScan.c(25): warning:  #177-D: variable "double_falg" was declared but never referenced
compiling display.c...
compiling MidFunction.c...
..\User_app\MidFunction.c(42): warning:  #188-D: enumerated type mixed with another type
..\User_app\MidFunction.c(76): warning:  #174-D: expression has no effect
..\User_app\MidFunction.c(85): warning:  #111-D: statement is unreachable
compiling led.c...
compiling oled.c...
compiling ST7920.c...
compiling EE_IIC.c...
compiling EE_24C128.c...
..\HARDWARE\EEPROM\EE_24C128.c(87): warning:  #177-D: variable "i" was declared but never referenced
..\HARDWARE\EEPROM\EE_24C128.c(88): warning:  #177-D: variable "pBuffer" was declared but never referenced
..\HARDWARE\EEPROM\EE_24C128.c(119): warning:  #940-D: missing return statement at end of non-void function "FindBox_FromIndex"
..\HARDWARE\EEPROM\EE_24C128.c(152): warning:  #940-D: missing return statement at end of non-void function "Compare_Card"
..\HARDWARE\EEPROM\EE_24C128.c(283): warning:  #1-D: last line of file ends without a newline
compiling delay.c...
linking...
Program Size: Code=19784 RO-data=3644 RW-data=152 ZI-data=6560  
FromELF: creating hex file...
".\obj\cabinet.axf" - 0 Errors, 13 Warning(s).
Load "D:\\GitHub\\Breastfeeding_clock\\Program\\USER\\obj\\cabinet.axf" 
Full Chip Erase Done.
Programming Done.
Verify OK.
Build target 'cabinet'
linking...
Program Size: Code=19784 RO-data=3644 RW-data=152 ZI-data=6560  
FromELF: creating hex file...
".\obj\cabinet.axf" - 0 Errors, 0 Warning(s).
Load "D:\\GitHub\\Breastfeeding_clock\\Program\\USER\\obj\\cabinet.axf" 
Full Chip Erase Done.
Programming Done.
Verify OK.
Build target 'cabinet'
compiling main.c...
..\User_app\main.c(112): warning:  #1-D: last line of file ends without a newline
linking...
Program Size: Code=19784 RO-data=3644 RW-data=152 ZI-data=6560  
FromELF: creating hex file...
".\obj\cabinet.axf" - 0 Errors, 1 Warning(s).
Load "D:\\GitHub\\Breastfeeding_clock\\Program\\USER\\obj\\cabinet.axf" 
Full Chip Erase Done.
Programming Done.
Verify OK.
Build target 'cabinet'
linking...
Program Size: Code=19784 RO-data=3644 RW-data=152 ZI-data=6560  
FromELF: creating hex file...
".\obj\cabinet.axf" - 0 Errors, 0 Warning(s).
Load "D:\\GitHub\\Breastfeeding_clock\\Program\\USER\\obj\\cabinet.axf" 
Full Chip Erase Done.
Programming Done.
Verify OK.
